npm warn Unknown env config "http-proxy". This will stop working in the next major version of npm.

> example-company-erp-local-demo-integrated-v3@1.3.2 test
> node --test tests/*.test.cjs

✔ attachment portable export/import restores exact bytes with checksum (105.423973ms)
✔ corrupt or conflicting backup attachments are rejected without partial imports (23.953707ms)
ปฏิเสธการเปิดไฟล์ Local ของบริษัทอื่น
✔ local attachment access stays tenant scoped (12.043788ms)
✔ restore_invoice_bypasses_stock (4101.416029ms)
✔ valid invoice and receipt restoration succeeds and removes trash entry (1854.636903ms)
✔ GR rolls back and can retry after failure at comform_goods_receipts_v1 (1350.139666ms)
✔ GR rolls back and can retry after failure at comform_purchase_orders_v1 (1159.836833ms)
✔ GR rolls back and can retry after failure at comform_audit_log_v1 (1213.809211ms)
✔ printed receipt locks its base against edits as well (1101.888795ms)
✔ unknown SO costs are visibly marked as preliminary (1494.510548ms)
✔ restore_receipt_bypasses_overpayment (1181.675439ms)
✔ invoice_edit_leaves_issued_snapshot_stale (963.161406ms)
✔ billing_does_not_close_after_standalone_receipt (1069.491586ms)
✔ sales_order_delivery_ignores_actual_production_cost (1482.163938ms)
✔ goods_receipt_write_failure_leaves_partial_commit (1071.748465ms)
✔ forecast preserves zero months at both boundaries and in the middle (50.038511ms)
✔ missing, negative and nonfinite observations invalidate rather than compress a series (0.863135ms)
✔ missing monthly storage differs from a stored empty month and corrupt data (24.439101ms)
✔ all eligible models including Naive share identical rolling-origin test months (69.633279ms)
✔ MASE uses training data at each fold, excluding the new actual (0.67954ms)
✔ zero denominators produce unavailable WAPE/MASE rather than perfect accuracy (2.933447ms)
✔ few observations have no accuracy percentage or invented zero-width intervals (0.528507ms)
✔ residual scenarios require eight errors and are not extrapolated to longer horizons (20.548399ms)
✔ forecast table renders unavailable ranges as a dash and does not call base P50 (1.155903ms)
✔ analytics uses the latest zero month for actual and forecast date (1.252644ms)
✔ Quant includes zero-revenue contractions, drawdowns and low outliers (1.194699ms)
✔ Monte Carlo does not simulate when error scale is unavailable (19.791993ms)
✔ empty dashboard has unavailable forecast and renders without boot errors (234.061979ms)
✔ January automatic history ends in previous December (5.727611ms)
✔ complete stored zero-sales months remain usable history in the dashboard (10.886983ms)
✔ all local modules boot with real HTML in simulated DOM (2624.202369ms)
✔ quote → SO → two deliveries → receipt + billing payment → reversal (5015.379568ms)
✔ JSON merge preserves prior master/order and backup captured before import (1148.409264ms)
✔ invoice form stock guard rejects duplicate rows above on-hand quantity (1273.277079ms)
✔ pricing policy imports into a fresh store and merge keeps a newer policy (1065.309844ms)
✔ failed JSON import rolls back an earlier master update (1078.269627ms)
✔ sales KPI and customer/product/agency charts use the same nonduplicated basis (1262.826393ms)
✔ partial receipt keeps invoice outstanding; printed copy is not duplicate cash (12.049917ms)
✔ full payment settles invoice; reversal reopens balance (4.193878ms)
✔ branch references do not mix identical invoice numbers (2.929255ms)
✔ receipt overpayment and customer mismatch blocked; edit excludes its old receipt (8.934959ms)
✔ SO remains partial after payment for first 3 of 10 units (9.97204ms)
✔ SO completes only when all units delivered and paid (6.430159ms)
✔ duplicate line requests aggregate and cannot exceed SO remaining (3.127851ms)
✔ delivery edit excludes original quantity but still respects ready quantity (3.377261ms)
✔ stock guard aggregates duplicate SKU rows and deducts other SO reservations (56.00267ms)
✔ product code takes precedence over display name; PO product fields supported (4.392669ms)
✔ merge preserves old rows and newer updates; replace removes absent rows (9.416794ms)
✔ flow import merges instead of overwriting existing sales orders (5.261116ms)
✔ backup rejects invalid arrays, unsafe keys and nonnumeric amounts (3.287909ms)
✔ failed local multi-key write rolls back earlier writes (3.195554ms)
✔ backup snapshot restores masters and flow in current tenant only (3.563778ms)
✔ generated payment receipts retain correct tax split and never double cash (6.522984ms)
✔ VAT modes add, extract and none are consistent (19.235768ms)
✔ target margin 95% and markup over 95% calculate correctly (4.503894ms)
✔ direct inventory invoices count as sales; SO production is not counted twice (19.262634ms)
✔ invalid quantities and nonfinite prices are rejected (2.907735ms)
✔ portable backup permits Thai attachment filenames (2.308549ms)
✔ delivery and payment references reject customer, SKU and invoice-number mismatches (2.920721ms)
✔ billing excludes receipts already applied before it was created (2.942695ms)
✔ billing direct receipts allocate FIFO and reverse without double payment (6.871623ms)
✔ production costs are allocated over partial deliveries with final cent retained (5.358112ms)
✔ legacy billing migrates its already-paid creation balance once (3.60554ms)
✔ a production record without cost evidence cannot label zero cost as actual (2.828122ms)
ℹ tests 64
ℹ suites 0
ℹ pass 64
ℹ fail 0
ℹ cancelled 0
ℹ skipped 0
ℹ todo 0
ℹ duration_ms 19471.669928
